Archive member included because of file (symbol)

c:/winavr-20100110/bin/../lib/gcc/avr/4.3.3/avr5\libgcc.a(_exit.o)
                              c:/winavr-20100110/bin/../lib/gcc/avr/4.3.3/../../../../avr/lib/avr5/crtm32.o (exit)
c:/winavr-20100110/bin/../lib/gcc/avr/4.3.3/avr5\libgcc.a(_clear_bss.o)
                              ./timer.o (__do_clear_bss)

Memory Configuration

Name             Origin             Length             Attributes
text             0x00000000         0x00020000         xr
data             0x00800060         0x0000ffa0         rw !x
eeprom           0x00810000         0x00010000         rw !x
fuse             0x00820000         0x00000400         rw !x
lock             0x00830000         0x00000400         rw !x
signature        0x00840000         0x00000400         rw !x
*default*        0x00000000         0xffffffff

Linker script and memory map

LOAD c:/winavr-20100110/bin/../lib/gcc/avr/4.3.3/../../../../avr/lib/avr5/crtm32.o
LOAD ./button.o
LOAD ./dio.o
LOAD ./led.o
LOAD ./test_Timer.o
LOAD ./timer.o
LOAD c:/winavr-20100110/bin/../lib/gcc/avr/4.3.3/avr5\libgcc.a
LOAD c:/winavr-20100110/bin/../lib/gcc/avr/4.3.3/../../../../avr/lib/avr5\libc.a
LOAD c:/winavr-20100110/bin/../lib/gcc/avr/4.3.3/avr5\libgcc.a

.hash
 *(.hash)

.dynsym
 *(.dynsym)

.dynstr
 *(.dynstr)

.gnu.version
 *(.gnu.version)

.gnu.version_d
 *(.gnu.version_d)

.gnu.version_r
 *(.gnu.version_r)

.rel.init
 *(.rel.init)

.rela.init
 *(.rela.init)

.rel.text
 *(.rel.text)
 *(.rel.text.*)
 *(.rel.gnu.linkonce.t*)

.rela.text
 *(.rela.text)
 *(.rela.text.*)
 *(.rela.gnu.linkonce.t*)

.rel.fini
 *(.rel.fini)

.rela.fini
 *(.rela.fini)

.rel.rodata
 *(.rel.rodata)
 *(.rel.rodata.*)
 *(.rel.gnu.linkonce.r*)

.rela.rodata
 *(.rela.rodata)
 *(.rela.rodata.*)
 *(.rela.gnu.linkonce.r*)

.rel.data
 *(.rel.data)
 *(.rel.data.*)
 *(.rel.gnu.linkonce.d*)

.rela.data
 *(.rela.data)
 *(.rela.data.*)
 *(.rela.gnu.linkonce.d*)

.rel.ctors
 *(.rel.ctors)

.rela.ctors
 *(.rela.ctors)

.rel.dtors
 *(.rel.dtors)

.rela.dtors
 *(.rela.dtors)

.rel.got
 *(.rel.got)

.rela.got
 *(.rela.got)

.rel.bss
 *(.rel.bss)

.rela.bss
 *(.rela.bss)

.rel.plt
 *(.rel.plt)

.rela.plt
 *(.rela.plt)

.text           0x00000000     0x11fc
 *(.vectors)
 .vectors       0x00000000       0x54 c:/winavr-20100110/bin/../lib/gcc/avr/4.3.3/../../../../avr/lib/avr5/crtm32.o
                0x00000000                __vectors
                0x00000000                __vector_default
 *(.vectors)
 *(.progmem.gcc*)
 *(.progmem*)
                0x00000054                . = ALIGN (0x2)
                0x00000054                __trampolines_start = .
 *(.trampolines)
 .trampolines   0x00000054        0x0 linker stubs
 *(.trampolines*)
                0x00000054                __trampolines_end = .
 *(.jumptables)
 *(.jumptables*)
 *(.lowtext)
 *(.lowtext*)
                0x00000054                __ctors_start = .
 *(.ctors)
                0x00000054                __ctors_end = .
                0x00000054                __dtors_start = .
 *(.dtors)
                0x00000054                __dtors_end = .
 SORT(*)(.ctors)
 SORT(*)(.dtors)
 *(.init0)
 .init0         0x00000054        0x0 c:/winavr-20100110/bin/../lib/gcc/avr/4.3.3/../../../../avr/lib/avr5/crtm32.o
                0x00000054                __init
 *(.init0)
 *(.init1)
 *(.init1)
 *(.init2)
 .init2         0x00000054        0xc c:/winavr-20100110/bin/../lib/gcc/avr/4.3.3/../../../../avr/lib/avr5/crtm32.o
 *(.init2)
 *(.init3)
 *(.init3)
 *(.init4)
 .init4         0x00000060       0x10 c:/winavr-20100110/bin/../lib/gcc/avr/4.3.3/avr5\libgcc.a(_clear_bss.o)
                0x00000060                __do_clear_bss
 *(.init4)
 *(.init5)
 *(.init5)
 *(.init6)
 *(.init6)
 *(.init7)
 *(.init7)
 *(.init8)
 *(.init8)
 *(.init9)
 .init9         0x00000070        0x8 c:/winavr-20100110/bin/../lib/gcc/avr/4.3.3/../../../../avr/lib/avr5/crtm32.o
 *(.init9)
 *(.text)
 .text          0x00000078        0x4 c:/winavr-20100110/bin/../lib/gcc/avr/4.3.3/../../../../avr/lib/avr5/crtm32.o
                0x00000078                __vector_1
                0x00000078                __vector_12
                0x00000078                __bad_interrupt
                0x00000078                __vector_6
                0x00000078                __vector_3
                0x00000078                __vector_13
                0x00000078                __vector_17
                0x00000078                __vector_19
                0x00000078                __vector_2
                0x00000078                __vector_15
                0x00000078                __vector_8
                0x00000078                __vector_14
                0x00000078                __vector_16
                0x00000078                __vector_18
                0x00000078                __vector_20
 .text          0x0000007c        0x0 ./button.o
 .text          0x0000007c        0x0 ./dio.o
 .text          0x0000007c        0x0 ./led.o
 .text          0x0000007c        0x0 ./test_Timer.o
 .text          0x0000007c        0x0 ./timer.o
 .text          0x0000007c        0x0 c:/winavr-20100110/bin/../lib/gcc/avr/4.3.3/avr5\libgcc.a(_exit.o)
 .text          0x0000007c        0x0 c:/winavr-20100110/bin/../lib/gcc/avr/4.3.3/avr5\libgcc.a(_clear_bss.o)
                0x0000007c                . = ALIGN (0x2)
 *(.text.*)
 .text.BUTTON_init
                0x0000007c       0x18 ./button.o
                0x0000007c                BUTTON_init
 .text.BUTTON_read
                0x00000094       0x34 ./button.o
                0x00000094                BUTTON_read
 .text.DIO_setPortDirection
                0x000000c8      0x120 ./dio.o
                0x000000c8                DIO_setPortDirection
 .text.DIO_setPinDirection
                0x000001e8      0x238 ./dio.o
                0x000001e8                DIO_setPinDirection
 .text.DIO_writePort
                0x00000420       0x9a ./dio.o
                0x00000420                DIO_writePort
 .text.DIO_writePin
                0x000004ba      0x238 ./dio.o
                0x000004ba                DIO_writePin
 .text.DIO_readPort
                0x000006f2       0xbc ./dio.o
                0x000006f2                DIO_readPort
 .text.DIO_readPin
                0x000007ae      0x1a0 ./dio.o
                0x000007ae                DIO_readPin
 .text.DIO_TogglePin
                0x0000094e      0x122 ./dio.o
                0x0000094e                DIO_TogglePin
 .text.LED_init
                0x00000a70       0x22 ./led.o
                0x00000a70                LED_init
 .text.LED_turnOn
                0x00000a92       0x18 ./led.o
                0x00000a92                LED_turnOn
 .text.LED_turnOff
                0x00000aaa       0x18 ./led.o
                0x00000aaa                LED_turnOff
 .text.main     0x00000ac2       0x2a ./test_Timer.o
                0x00000ac2                main
 .text.__vector_11
                0x00000aec       0x66 ./timer.o
                0x00000aec                __vector_11
 .text.__vector_10
                0x00000b52       0x66 ./timer.o
                0x00000b52                __vector_10
 .text.__vector_9
                0x00000bb8       0x66 ./timer.o
                0x00000bb8                __vector_9
 .text.__vector_7
                0x00000c1e       0x66 ./timer.o
                0x00000c1e                __vector_7
 .text.__vector_5
                0x00000c84       0x66 ./timer.o
                0x00000c84                __vector_5
 .text.__vector_4
                0x00000cea       0x66 ./timer.o
                0x00000cea                __vector_4
 .text.TIMER_init
                0x00000d50      0x21c ./timer.o
                0x00000d50                TIMER_init
 .text.TIMER_setCallBack
                0x00000f6c       0x72 ./timer.o
                0x00000f6c                TIMER_setCallBack
 .text.TIMER_stop
                0x00000fde       0x82 ./timer.o
                0x00000fde                TIMER_stop
 .text.TIMER_DeInit
                0x00001060       0xee ./timer.o
                0x00001060                TIMER_DeInit
 .text.TIMER_start
                0x0000114e       0xaa ./timer.o
                0x0000114e                TIMER_start
 .text.libgcc   0x000011f8        0x0 c:/winavr-20100110/bin/../lib/gcc/avr/4.3.3/avr5\libgcc.a(_exit.o)
 .text.libgcc   0x000011f8        0x0 c:/winavr-20100110/bin/../lib/gcc/avr/4.3.3/avr5\libgcc.a(_clear_bss.o)
                0x000011f8                . = ALIGN (0x2)
 *(.fini9)
 .fini9         0x000011f8        0x0 c:/winavr-20100110/bin/../lib/gcc/avr/4.3.3/avr5\libgcc.a(_exit.o)
                0x000011f8                exit
                0x000011f8                _exit
 *(.fini9)
 *(.fini8)
 *(.fini8)
 *(.fini7)
 *(.fini7)
 *(.fini6)
 *(.fini6)
 *(.fini5)
 *(.fini5)
 *(.fini4)
 *(.fini4)
 *(.fini3)
 *(.fini3)
 *(.fini2)
 *(.fini2)
 *(.fini1)
 *(.fini1)
 *(.fini0)
 .fini0         0x000011f8        0x4 c:/winavr-20100110/bin/../lib/gcc/avr/4.3.3/avr5\libgcc.a(_exit.o)
 *(.fini0)
                0x000011fc                _etext = .

.data           0x00800060        0x0 load address 0x000011fc
                0x00800060                PROVIDE (__data_start, .)
 *(.data)
 .data          0x00800060        0x0 c:/winavr-20100110/bin/../lib/gcc/avr/4.3.3/../../../../avr/lib/avr5/crtm32.o
 .data          0x00800060        0x0 ./button.o
 .data          0x00800060        0x0 ./dio.o
 .data          0x00800060        0x0 ./led.o
 .data          0x00800060        0x0 ./test_Timer.o
 .data          0x00800060        0x0 ./timer.o
 .data          0x00800060        0x0 c:/winavr-20100110/bin/../lib/gcc/avr/4.3.3/avr5\libgcc.a(_exit.o)
 .data          0x00800060        0x0 c:/winavr-20100110/bin/../lib/gcc/avr/4.3.3/avr5\libgcc.a(_clear_bss.o)
 *(.data*)
 *(.rodata)
 *(.rodata*)
 *(.gnu.linkonce.d*)
                0x00800060                . = ALIGN (0x2)
                0x00800060                _edata = .
                0x00800060                PROVIDE (__data_end, .)

.bss            0x00800060        0x6
                0x00800060                PROVIDE (__bss_start, .)
 *(.bss)
 .bss           0x00800060        0x0 c:/winavr-20100110/bin/../lib/gcc/avr/4.3.3/../../../../avr/lib/avr5/crtm32.o
 .bss           0x00800060        0x0 ./button.o
 .bss           0x00800060        0x0 ./dio.o
 .bss           0x00800060        0x0 ./led.o
 .bss           0x00800060        0x0 ./test_Timer.o
 .bss           0x00800060        0x0 ./timer.o
 .bss           0x00800060        0x0 c:/winavr-20100110/bin/../lib/gcc/avr/4.3.3/avr5\libgcc.a(_exit.o)
 .bss           0x00800060        0x0 c:/winavr-20100110/bin/../lib/gcc/avr/4.3.3/avr5\libgcc.a(_clear_bss.o)
 *(.bss*)
 .bss.g_callBackPtrTimer0
                0x00800060        0x2 ./timer.o
 .bss.g_callBackPtrTimer1
                0x00800062        0x2 ./timer.o
 .bss.g_callBackPtrTimer2
                0x00800064        0x2 ./timer.o
 *(COMMON)
                0x00800066                PROVIDE (__bss_end, .)
                0x000011fc                __data_load_start = LOADADDR (.data)
                0x000011fc                __data_load_end = (__data_load_start + SIZEOF (.data))

.noinit         0x00800066        0x0
                0x00800066                PROVIDE (__noinit_start, .)
 *(.noinit*)
                0x00800066                PROVIDE (__noinit_end, .)
                0x00800066                _end = .
                0x00800066                PROVIDE (__heap_start, .)

.eeprom         0x00810000        0x0
 *(.eeprom*)
                0x00810000                __eeprom_end = .

.fuse
 *(.fuse)
 *(.lfuse)
 *(.hfuse)
 *(.efuse)

.lock
 *(.lock*)

.signature
 *(.signature*)

.stab           0x00000000     0x1b9c
 *(.stab)
 .stab          0x00000000      0x45c ./button.o
 .stab          0x0000045c      0xa5c ./dio.o
                                0xcb4 (size before relaxing)
 .stab          0x00000eb8      0x1f8 ./led.o
                                0x450 (size before relaxing)
 .stab          0x000010b0      0x1d4 ./test_Timer.o
                                0x438 (size before relaxing)
 .stab          0x00001284      0x918 ./timer.o
                                0xb04 (size before relaxing)

.stabstr        0x00000000      0xf37
 *(.stabstr)
 .stabstr       0x00000000      0xf37 ./button.o

.stab.excl
 *(.stab.excl)

.stab.exclstr
 *(.stab.exclstr)

.stab.index
 *(.stab.index)

.stab.indexstr
 *(.stab.indexstr)

.comment
 *(.comment)

.debug
 *(.debug)

.line
 *(.line)

.debug_srcinfo
 *(.debug_srcinfo)

.debug_sfnames
 *(.debug_sfnames)

.debug_aranges
 *(.debug_aranges)

.debug_pubnames
 *(.debug_pubnames)

.debug_info
 *(.debug_info)
 *(.gnu.linkonce.wi.*)

.debug_abbrev
 *(.debug_abbrev)

.debug_line
 *(.debug_line)

.debug_frame
 *(.debug_frame)

.debug_str
 *(.debug_str)

.debug_loc
 *(.debug_loc)

.debug_macinfo
 *(.debug_macinfo)
OUTPUT(Test_Timer.elf elf32-avr)
LOAD linker stubs
