Archive member included because of file (symbol)

c:/winavr-20100110/bin/../lib/gcc/avr/4.3.3/avr5\libgcc.a(_exit.o)
                              c:/winavr-20100110/bin/../lib/gcc/avr/4.3.3/../../../../avr/lib/avr5/crtm32.o (exit)
c:/winavr-20100110/bin/../lib/gcc/avr/4.3.3/avr5\libgcc.a(_copy_data.o)
                              ./HAL/LCD/lcd.o (__do_copy_data)
c:/winavr-20100110/bin/../lib/gcc/avr/4.3.3/avr5\libgcc.a(_clear_bss.o)
                              ./MCAL/TIMER/timer.o (__do_clear_bss)
c:/winavr-20100110/bin/../lib/gcc/avr/4.3.3/../../../../avr/lib/avr5\libc.a(itoa.o)
                              ./HAL/LCD/lcd.o (itoa)
c:/winavr-20100110/bin/../lib/gcc/avr/4.3.3/../../../../avr/lib/avr5\libc.a(strrev.o)
                              c:/winavr-20100110/bin/../lib/gcc/avr/4.3.3/../../../../avr/lib/avr5\libc.a(itoa.o) (strrev)
c:/winavr-20100110/bin/../lib/gcc/avr/4.3.3/avr5\libgcc.a(_udivmodhi4.o)
                              c:/winavr-20100110/bin/../lib/gcc/avr/4.3.3/../../../../avr/lib/avr5\libc.a(itoa.o) (__udivmodhi4)

Memory Configuration

Name             Origin             Length             Attributes
text             0x00000000         0x00020000         xr
data             0x00800060         0x0000ffa0         rw !x
eeprom           0x00810000         0x00010000         rw !x
fuse             0x00820000         0x00000400         rw !x
lock             0x00830000         0x00000400         rw !x
signature        0x00840000         0x00000400         rw !x
*default*        0x00000000         0xffffffff

Linker script and memory map

LOAD c:/winavr-20100110/bin/../lib/gcc/avr/4.3.3/../../../../avr/lib/avr5/crtm32.o
LOAD ./MCAL/TIMER/timer.o
LOAD ./MCAL/dio.o
LOAD ./HAL/LCD/lcd.o
LOAD ./Application/App.o
LOAD ./LCD_test.o
LOAD c:/winavr-20100110/bin/../lib/gcc/avr/4.3.3/avr5\libgcc.a
LOAD c:/winavr-20100110/bin/../lib/gcc/avr/4.3.3/../../../../avr/lib/avr5\libc.a
LOAD c:/winavr-20100110/bin/../lib/gcc/avr/4.3.3/avr5\libgcc.a

.hash
 *(.hash)

.dynsym
 *(.dynsym)

.dynstr
 *(.dynstr)

.gnu.version
 *(.gnu.version)

.gnu.version_d
 *(.gnu.version_d)

.gnu.version_r
 *(.gnu.version_r)

.rel.init
 *(.rel.init)

.rela.init
 *(.rela.init)

.rel.text
 *(.rel.text)
 *(.rel.text.*)
 *(.rel.gnu.linkonce.t*)

.rela.text
 *(.rela.text)
 *(.rela.text.*)
 *(.rela.gnu.linkonce.t*)

.rel.fini
 *(.rel.fini)

.rela.fini
 *(.rela.fini)

.rel.rodata
 *(.rel.rodata)
 *(.rel.rodata.*)
 *(.rel.gnu.linkonce.r*)

.rela.rodata
 *(.rela.rodata)
 *(.rela.rodata.*)
 *(.rela.gnu.linkonce.r*)

.rel.data
 *(.rel.data)
 *(.rel.data.*)
 *(.rel.gnu.linkonce.d*)

.rela.data
 *(.rela.data)
 *(.rela.data.*)
 *(.rela.gnu.linkonce.d*)

.rel.ctors
 *(.rel.ctors)

.rela.ctors
 *(.rela.ctors)

.rel.dtors
 *(.rel.dtors)

.rela.dtors
 *(.rela.dtors)

.rel.got
 *(.rel.got)

.rela.got
 *(.rela.got)

.rel.bss
 *(.rel.bss)

.rela.bss
 *(.rela.bss)

.rel.plt
 *(.rel.plt)

.rela.plt
 *(.rela.plt)

.text           0x00000000     0x1786
 *(.vectors)
 .vectors       0x00000000       0x54 c:/winavr-20100110/bin/../lib/gcc/avr/4.3.3/../../../../avr/lib/avr5/crtm32.o
                0x00000000                __vectors
                0x00000000                __vector_default
 *(.vectors)
 *(.progmem.gcc*)
 *(.progmem*)
                0x00000054                . = ALIGN (0x2)
                0x00000054                __trampolines_start = .
 *(.trampolines)
 .trampolines   0x00000054        0x0 linker stubs
 *(.trampolines*)
                0x00000054                __trampolines_end = .
 *(.jumptables)
 *(.jumptables*)
 *(.lowtext)
 *(.lowtext*)
                0x00000054                __ctors_start = .
 *(.ctors)
                0x00000054                __ctors_end = .
                0x00000054                __dtors_start = .
 *(.dtors)
                0x00000054                __dtors_end = .
 SORT(*)(.ctors)
 SORT(*)(.dtors)
 *(.init0)
 .init0         0x00000054        0x0 c:/winavr-20100110/bin/../lib/gcc/avr/4.3.3/../../../../avr/lib/avr5/crtm32.o
                0x00000054                __init
 *(.init0)
 *(.init1)
 *(.init1)
 *(.init2)
 .init2         0x00000054        0xc c:/winavr-20100110/bin/../lib/gcc/avr/4.3.3/../../../../avr/lib/avr5/crtm32.o
 *(.init2)
 *(.init3)
 *(.init3)
 *(.init4)
 .init4         0x00000060       0x16 c:/winavr-20100110/bin/../lib/gcc/avr/4.3.3/avr5\libgcc.a(_copy_data.o)
                0x00000060                __do_copy_data
 .init4         0x00000076       0x10 c:/winavr-20100110/bin/../lib/gcc/avr/4.3.3/avr5\libgcc.a(_clear_bss.o)
                0x00000076                __do_clear_bss
 *(.init4)
 *(.init5)
 *(.init5)
 *(.init6)
 *(.init6)
 *(.init7)
 *(.init7)
 *(.init8)
 *(.init8)
 *(.init9)
 .init9         0x00000086        0x8 c:/winavr-20100110/bin/../lib/gcc/avr/4.3.3/../../../../avr/lib/avr5/crtm32.o
 *(.init9)
 *(.text)
 .text          0x0000008e        0x4 c:/winavr-20100110/bin/../lib/gcc/avr/4.3.3/../../../../avr/lib/avr5/crtm32.o
                0x0000008e                __vector_1
                0x0000008e                __vector_12
                0x0000008e                __bad_interrupt
                0x0000008e                __vector_6
                0x0000008e                __vector_3
                0x0000008e                __vector_13
                0x0000008e                __vector_17
                0x0000008e                __vector_19
                0x0000008e                __vector_2
                0x0000008e                __vector_15
                0x0000008e                __vector_8
                0x0000008e                __vector_14
                0x0000008e                __vector_16
                0x0000008e                __vector_18
                0x0000008e                __vector_20
 .text          0x00000092        0x0 ./MCAL/TIMER/timer.o
 .text          0x00000092        0x0 ./MCAL/dio.o
 .text          0x00000092        0x0 ./HAL/LCD/lcd.o
 .text          0x00000092        0x0 ./Application/App.o
 .text          0x00000092        0x0 ./LCD_test.o
 .text          0x00000092        0x0 c:/winavr-20100110/bin/../lib/gcc/avr/4.3.3/avr5\libgcc.a(_exit.o)
 .text          0x00000092        0x0 c:/winavr-20100110/bin/../lib/gcc/avr/4.3.3/avr5\libgcc.a(_copy_data.o)
 .text          0x00000092        0x0 c:/winavr-20100110/bin/../lib/gcc/avr/4.3.3/avr5\libgcc.a(_clear_bss.o)
 .text          0x00000092        0x0 c:/winavr-20100110/bin/../lib/gcc/avr/4.3.3/../../../../avr/lib/avr5\libc.a(itoa.o)
 .text          0x00000092        0x0 c:/winavr-20100110/bin/../lib/gcc/avr/4.3.3/../../../../avr/lib/avr5\libc.a(strrev.o)
 .text          0x00000092        0x0 c:/winavr-20100110/bin/../lib/gcc/avr/4.3.3/avr5\libgcc.a(_udivmodhi4.o)
                0x00000092                . = ALIGN (0x2)
 *(.text.*)
 .text.__vector_11
                0x00000092       0x66 ./MCAL/TIMER/timer.o
                0x00000092                __vector_11
 .text.__vector_10
                0x000000f8       0x66 ./MCAL/TIMER/timer.o
                0x000000f8                __vector_10
 .text.__vector_9
                0x0000015e       0x66 ./MCAL/TIMER/timer.o
                0x0000015e                __vector_9
 .text.__vector_7
                0x000001c4       0x66 ./MCAL/TIMER/timer.o
                0x000001c4                __vector_7
 .text.__vector_5
                0x0000022a       0x66 ./MCAL/TIMER/timer.o
                0x0000022a                __vector_5
 .text.__vector_4
                0x00000290       0x66 ./MCAL/TIMER/timer.o
                0x00000290                __vector_4
 .text.TIMER_init
                0x000002f6      0x222 ./MCAL/TIMER/timer.o
                0x000002f6                TIMER_init
 .text.TIMER_setCallBack
                0x00000518       0x8e ./MCAL/TIMER/timer.o
                0x00000518                TIMER_setCallBack
 .text.TIMER_start
                0x000005a6       0x9a ./MCAL/TIMER/timer.o
                0x000005a6                TIMER_start
 .text.TIMER_stop
                0x00000640       0x82 ./MCAL/TIMER/timer.o
                0x00000640                TIMER_stop
 .text.TIMER_DeInit
                0x000006c2       0xee ./MCAL/TIMER/timer.o
                0x000006c2                TIMER_DeInit
 .text.DIO_setPortDirection
                0x000007b0      0x120 ./MCAL/dio.o
                0x000007b0                DIO_setPortDirection
 .text.DIO_setPinDirection
                0x000008d0      0x238 ./MCAL/dio.o
                0x000008d0                DIO_setPinDirection
 .text.DIO_writePort
                0x00000b08       0x9a ./MCAL/dio.o
                0x00000b08                DIO_writePort
 .text.DIO_writePin
                0x00000ba2      0x238 ./MCAL/dio.o
                0x00000ba2                DIO_writePin
 .text.DIO_readPort
                0x00000dda       0xbc ./MCAL/dio.o
                0x00000dda                DIO_readPort
 .text.DIO_readPin
                0x00000e96      0x1a0 ./MCAL/dio.o
                0x00000e96                DIO_readPin
 .text.DIO_TogglePin
                0x00001036      0x122 ./MCAL/dio.o
                0x00001036                DIO_TogglePin
 .text.LCD_CheckStatus
                0x00001158       0x1a ./HAL/LCD/lcd.o
                0x00001158                LCD_CheckStatus
 .text.LCD_Init
                0x00001172      0x106 ./HAL/LCD/lcd.o
                0x00001172                LCD_Init
 .text.LCD_sendCommand
                0x00001278      0x118 ./HAL/LCD/lcd.o
                0x00001278                LCD_sendCommand
 .text.LCD_displayCharacter
                0x00001390      0x11c ./HAL/LCD/lcd.o
                0x00001390                LCD_displayCharacter
 .text.LCD_displayString
                0x000014ac       0x56 ./HAL/LCD/lcd.o
                0x000014ac                LCD_displayString
 .text.LCD_goToRowColumn
                0x00001502       0xaa ./HAL/LCD/lcd.o
                0x00001502                LCD_goToRowColumn
 .text.LCD_displayStringRowColumn
                0x000015ac       0x56 ./HAL/LCD/lcd.o
                0x000015ac                LCD_displayStringRowColumn
 .text.LCD_intgerToString
                0x00001602       0x4a ./HAL/LCD/lcd.o
                0x00001602                LCD_intgerToString
 .text.LCD_clearScreen
                0x0000164c       0x28 ./HAL/LCD/lcd.o
                0x0000164c                LCD_clearScreen
 .text.App_init
                0x00001674       0x10 ./Application/App.o
                0x00001674                App_init
 .text.App_Update
                0x00001684       0x62 ./Application/App.o
                0x00001684                App_Update
 .text.main     0x000016e6       0x12 ./LCD_test.o
                0x000016e6                main
 .text.libgcc   0x000016f8        0x0 c:/winavr-20100110/bin/../lib/gcc/avr/4.3.3/avr5\libgcc.a(_exit.o)
 .text.libgcc   0x000016f8        0x0 c:/winavr-20100110/bin/../lib/gcc/avr/4.3.3/avr5\libgcc.a(_copy_data.o)
 .text.libgcc   0x000016f8        0x0 c:/winavr-20100110/bin/../lib/gcc/avr/4.3.3/avr5\libgcc.a(_clear_bss.o)
 .text.avr-libc
                0x000016f8       0x42 c:/winavr-20100110/bin/../lib/gcc/avr/4.3.3/../../../../avr/lib/avr5\libc.a(itoa.o)
                0x000016f8                itoa
 .text.avr-libc
                0x0000173a       0x20 c:/winavr-20100110/bin/../lib/gcc/avr/4.3.3/../../../../avr/lib/avr5\libc.a(strrev.o)
                0x0000173a                strrev
 .text.libgcc   0x0000175a       0x28 c:/winavr-20100110/bin/../lib/gcc/avr/4.3.3/avr5\libgcc.a(_udivmodhi4.o)
                0x0000175a                __udivmodhi4
                0x00001782                . = ALIGN (0x2)
 *(.fini9)
 .fini9         0x00001782        0x0 c:/winavr-20100110/bin/../lib/gcc/avr/4.3.3/avr5\libgcc.a(_exit.o)
                0x00001782                exit
                0x00001782                _exit
 *(.fini9)
 *(.fini8)
 *(.fini8)
 *(.fini7)
 *(.fini7)
 *(.fini6)
 *(.fini6)
 *(.fini5)
 *(.fini5)
 *(.fini4)
 *(.fini4)
 *(.fini3)
 *(.fini3)
 *(.fini2)
 *(.fini2)
 *(.fini1)
 *(.fini1)
 *(.fini0)
 .fini0         0x00001782        0x4 c:/winavr-20100110/bin/../lib/gcc/avr/4.3.3/avr5\libgcc.a(_exit.o)
 *(.fini0)
                0x00001786                _etext = .

.data           0x00800060       0x28 load address 0x00001786
                0x00800060                PROVIDE (__data_start, .)
 *(.data)
 .data          0x00800060        0x0 c:/winavr-20100110/bin/../lib/gcc/avr/4.3.3/../../../../avr/lib/avr5/crtm32.o
 .data          0x00800060        0x0 ./MCAL/TIMER/timer.o
 .data          0x00800060        0x0 ./MCAL/dio.o
 .data          0x00800060        0x0 ./HAL/LCD/lcd.o
 .data          0x00800060       0x1b ./Application/App.o
 .data          0x0080007b        0x0 ./LCD_test.o
 .data          0x0080007b        0x0 c:/winavr-20100110/bin/../lib/gcc/avr/4.3.3/avr5\libgcc.a(_exit.o)
 .data          0x0080007b        0x0 c:/winavr-20100110/bin/../lib/gcc/avr/4.3.3/avr5\libgcc.a(_copy_data.o)
 .data          0x0080007b        0x0 c:/winavr-20100110/bin/../lib/gcc/avr/4.3.3/avr5\libgcc.a(_clear_bss.o)
 .data          0x0080007b        0x0 c:/winavr-20100110/bin/../lib/gcc/avr/4.3.3/../../../../avr/lib/avr5\libc.a(itoa.o)
 .data          0x0080007b        0x0 c:/winavr-20100110/bin/../lib/gcc/avr/4.3.3/../../../../avr/lib/avr5\libc.a(strrev.o)
 .data          0x0080007b        0x0 c:/winavr-20100110/bin/../lib/gcc/avr/4.3.3/avr5\libgcc.a(_udivmodhi4.o)
 *(.data*)
 .data.timer_config
                0x0080007b        0x6 ./HAL/LCD/lcd.o
                0x0080007b                timer_config
 .data.gu8_lcdInit
                0x00800081        0x1 ./Application/App.o
                0x00800081                gu8_lcdInit
 .data.gu8_lcdState
                0x00800082        0x1 ./Application/App.o
                0x00800082                gu8_lcdState
 .data.gu8_clrFlage
                0x00800083        0x1 ./Application/App.o
                0x00800083                gu8_clrFlage
 .data.gu8_clrdis
                0x00800084        0x1 ./Application/App.o
                0x00800084                gu8_clrdis
 .data.gu8_intFlage
                0x00800085        0x1 ./Application/App.o
                0x00800085                gu8_intFlage
 .data.gu8_intdis
                0x00800086        0x1 ./Application/App.o
                0x00800086                gu8_intdis
 *(.rodata)
 *(.rodata*)
 *(.gnu.linkonce.d*)
                0x00800088                . = ALIGN (0x2)
 *fill*         0x00800087        0x1 00
                0x00800088                _edata = .
                0x00800088                PROVIDE (__data_end, .)

.bss            0x00800088        0xa
                0x00800088                PROVIDE (__bss_start, .)
 *(.bss)
 .bss           0x00800088        0x0 c:/winavr-20100110/bin/../lib/gcc/avr/4.3.3/../../../../avr/lib/avr5/crtm32.o
 .bss           0x00800088        0x0 ./MCAL/TIMER/timer.o
 .bss           0x00800088        0x0 ./MCAL/dio.o
 .bss           0x00800088        0x0 ./HAL/LCD/lcd.o
 .bss           0x00800088        0x0 ./Application/App.o
 .bss           0x00800088        0x0 ./LCD_test.o
 .bss           0x00800088        0x0 c:/winavr-20100110/bin/../lib/gcc/avr/4.3.3/avr5\libgcc.a(_exit.o)
 .bss           0x00800088        0x0 c:/winavr-20100110/bin/../lib/gcc/avr/4.3.3/avr5\libgcc.a(_copy_data.o)
 .bss           0x00800088        0x0 c:/winavr-20100110/bin/../lib/gcc/avr/4.3.3/avr5\libgcc.a(_clear_bss.o)
 .bss           0x00800088        0x0 c:/winavr-20100110/bin/../lib/gcc/avr/4.3.3/../../../../avr/lib/avr5\libc.a(itoa.o)
 .bss           0x00800088        0x0 c:/winavr-20100110/bin/../lib/gcc/avr/4.3.3/../../../../avr/lib/avr5\libc.a(strrev.o)
 .bss           0x00800088        0x0 c:/winavr-20100110/bin/../lib/gcc/avr/4.3.3/avr5\libgcc.a(_udivmodhi4.o)
 *(.bss*)
 .bss.g_callBackPtrTimer0
                0x00800088        0x2 ./MCAL/TIMER/timer.o
 .bss.g_callBackPtrTimer1
                0x0080008a        0x2 ./MCAL/TIMER/timer.o
 .bss.g_callBackPtrTimer2
                0x0080008c        0x2 ./MCAL/TIMER/timer.o
 .bss.gu8_lcdStatus
                0x0080008e        0x1 ./HAL/LCD/lcd.o
 .bss.au8_lcdState.1498
                0x0080008f        0x1 ./HAL/LCD/lcd.o
 .bss.au8_lcdState.1524
                0x00800090        0x1 ./HAL/LCD/lcd.o
 .bss.au8_lcd_DisplayStatus.1554
                0x00800091        0x1 ./HAL/LCD/lcd.o
 *(COMMON)
                0x00800092                PROVIDE (__bss_end, .)
                0x00001786                __data_load_start = LOADADDR (.data)
                0x000017ae                __data_load_end = (__data_load_start + SIZEOF (.data))

.noinit         0x00800092        0x0
                0x00800092                PROVIDE (__noinit_start, .)
 *(.noinit*)
                0x00800092                PROVIDE (__noinit_end, .)
                0x00800092                _end = .
                0x00800092                PROVIDE (__heap_start, .)

.eeprom         0x00810000        0x0
 *(.eeprom*)
                0x00810000                __eeprom_end = .

.fuse
 *(.fuse)
 *(.lfuse)
 *(.hfuse)
 *(.efuse)

.lock
 *(.lock*)

.signature
 *(.signature*)

.stab           0x00000000     0x2718
 *(.stab)
 .stab          0x00000000      0xbf4 ./MCAL/TIMER/timer.o
 .stab          0x00000bf4      0xb04 ./MCAL/dio.o
                                0xd14 (size before relaxing)
 .stab          0x000016f8      0xac8 ./HAL/LCD/lcd.o
                                0xcd8 (size before relaxing)
 .stab          0x000021c0      0x3b4 ./Application/App.o
                                0x5c4 (size before relaxing)
 .stab          0x00002574      0x1a4 ./LCD_test.o
                                0x4e0 (size before relaxing)

.stabstr        0x00000000     0x1eba
 *(.stabstr)
 .stabstr       0x00000000     0x1eba ./MCAL/TIMER/timer.o

.stab.excl
 *(.stab.excl)

.stab.exclstr
 *(.stab.exclstr)

.stab.index
 *(.stab.index)

.stab.indexstr
 *(.stab.indexstr)

.comment
 *(.comment)

.debug
 *(.debug)

.line
 *(.line)

.debug_srcinfo
 *(.debug_srcinfo)

.debug_sfnames
 *(.debug_sfnames)

.debug_aranges
 *(.debug_aranges)

.debug_pubnames
 *(.debug_pubnames)

.debug_info
 *(.debug_info)
 *(.gnu.linkonce.wi.*)

.debug_abbrev
 *(.debug_abbrev)

.debug_line
 *(.debug_line)

.debug_frame
 *(.debug_frame)

.debug_str
 *(.debug_str)

.debug_loc
 *(.debug_loc)

.debug_macinfo
 *(.debug_macinfo)
OUTPUT(LCD.elf elf32-avr)
LOAD linker stubs
